src/config/db.ts(2,22): error TS2307: Cannot find module 'pg' or its corresponding type declarations.
src/config/db.ts(14,19): error TS7006: Parameter 'err' implicitly has an 'any' type.
src/controllers/authController.ts(1,35): error TS2307: Cannot find module 'express' or its corresponding type declarations.
src/controllers/authController.ts(2,30): error TS2307: Cannot find module 'google-auth-library' or its corresponding type declarations.
src/controllers/authController.ts(3,17): error TS2307: Cannot find module 'jsonwebtoken' or its corresponding type declarations.
src/controllers/authController.ts(30,50): error TS2307: Cannot find module 'bcrypt' or its corresponding type declarations.
src/controllers/infoController.ts(1,35): error TS2307: Cannot find module 'express' or its corresponding type declarations.
src/controllers/infoController.ts(9,41): error TS7006: Parameter 'n' implicitly has an 'any' type.
src/controllers/infoController.ts(33,29): error TS7006: Parameter 'row' implicitly has an 'any' type.
src/controllers/infoController.ts(53,41): error TS7006: Parameter 'row' implicitly has an 'any' type.
src/controllers/infoController.ts(69,42): error TS7006: Parameter 'row' implicitly has an 'any' type.
src/controllers/serviceController.ts(1,35): error TS2307: Cannot find module 'express' or its corresponding type declarations.
src/controllers/studentController.ts(1,35): error TS2307: Cannot find module 'express' or its corresponding type declarations.
src/index.ts(1,18): error TS2307: Cannot find module 'cors' or its corresponding type declarations.
src/index.ts(3,44): error TS2307: Cannot find module 'express' or its corresponding type declarations.
src/index.ts(4,20): error TS2307: Cannot find module 'helmet' or its corresponding type declarations.
src/index.ts(22,10): error TS7006: Parameter 'req' implicitly has an 'any' type.
src/index.ts(22,15): error TS7006: Parameter 'res' implicitly has an 'any' type.
src/index.ts(22,20): error TS7006: Parameter 'next' implicitly has an 'any' type.
src/middleware/auth.ts(1,49): error TS2307: Cannot find module 'express' or its corresponding type declarations.
src/middleware/auth.ts(2,17): error TS2307: Cannot find module 'jsonwebtoken' or its corresponding type declarations.
src/routes/authRoutes.ts(1,24): error TS2307: Cannot find module 'express' or its corresponding type declarations.
src/routes/serviceRoutes.ts(1,24): error TS2307: Cannot find module 'express' or its corresponding type declarations.
src/routes/studentRoutes.ts(1,24): error TS2307: Cannot find module 'express' or its corresponding type declarations.
src/scripts/migrateFromFirebase.ts(2,24): error TS2307: Cannot find module 'firebase-admin' or its corresponding type declarations.
src/scripts/migrateFull.ts(2,24): error TS2307: Cannot find module 'firebase-admin' or its corresponding type declarations.
src/scripts/migratePasswords.ts(1,20): error TS2307: Cannot find module 'bcrypt' or its corresponding type declarations.
src/scripts/migratePasswords.ts(3,24): error TS2307: Cannot find module 'firebase-admin' or its corresponding type declarations.
